// Jest Snapshot v1, https://goo.gl/fbAQLP

exports[`Home route Should render and match snapshot 1`] = `
<div
  className="container home"
  data-testid="home"
>
  <h1>
    This is the Home content
  </h1>
</div>
`;
