// Jest Snapshot v1, https://goo.gl/fbAQLP

exports[`Button should render and match snapshot 1`] = `
<button
  class="btn btn-primary"
  data-testid="button"
>
  ButtonText
</button>
`;
