// Jest Snapshot v1, https://goo.gl/fbAQLP

exports[`Footer should render the component and match snapshot 1`] = `
<div
  class="container footer"
  data-testid="footer"
>
  <footer
    class="d-flex flex-wrap justify-content-between align-items-center py-3 my-4 border-top"
  >
    <div
      class="col-md-4 d-flex align-items-center"
    >
      <a
        class="mb-3 me-2 mb-md-0 text-muted text-decoration-none lh-1"
        href="/"
      >
        Logo
      </a>
      <span
        class="mb-3 mb-md-0 text-muted"
      >
        2023
         Â©
      </span>
    </div>
    <ul
      class="nav col-md-4 justify-content-end list-unstyled d-flex"
    >
      <li
        class="ms-3"
      >
        <a
          class="text-muted"
          href="/"
        >
          Home
        </a>
      </li>
      <li
        class="ms-3"
      >
        <a
          class="text-muted"
          href="/form"
        >
          Form
        </a>
      </li>
      <li
        class="ms-3"
      >
        <a
          class="text-muted"
          href="/about"
        >
          About
        </a>
      </li>
    </ul>
  </footer>
</div>
`;
