// Jest Snapshot v1, https://goo.gl/fbAQLP

exports[`Header should render the component and match snapshot 1`] = `
<div
  class="container header"
  data-testid="header"
>
  <header
    class="d-flex flex-wrap justify-content-center py-3 mb-4 border-bottom"
  >
    <a
      class="d-flex align-items-center mb-3 mb-md-0 me-md-auto text-dark text-decoration-none"
      href="/"
    >
      Brand
    </a>
    <ul
      class="nav nav-pills"
    >
      <li
        class="nav-item"
      >
        <a
          activeclassname="active"
          aria-current="page"
          class="nav-link active"
          href="/"
        >
          Home
        </a>
      </li>
      <li
        class="nav-item"
      >
        <a
          activeclassname="active"
          class="nav-link"
          href="/form"
        >
          Form
        </a>
      </li>
      <li
        class="nav-item"
      >
        <a
          activeclassname="active"
          class="nav-link"
          href="/text-analyzer"
        >
          Text Analyzer
        </a>
      </li>
      <li
        class="nav-item"
      >
        <a
          activeclassname="active"
          class="nav-link"
          href="/about"
        >
          About
        </a>
      </li>
    </ul>
  </header>
</div>
`;
