// Jest Snapshot v1, https://goo.gl/fbAQLP

exports[`Input Should render and match snapshot 1`] = `
<input
  class="form-control input"
  data-testid="input"
  value=""
/>
`;
