// Jest Snapshot v1, https://goo.gl/fbAQLP

exports[`Textarea Should render component and match snapshot 1`] = `
<textarea
  class="form-control"
  data-testid="textarea"
/>
`;
